{
  "exclude": {
    "files": "^.secrets.baseline$",
    "lines": null
  },
  "generated_at": "2026-04-24T20:28:19Z",
  "plugins_used": [
    {
      "name": "AWSKeyDetector"
    },
    {
      "name": "ArtifactoryDetector"
    },
    {
      "name": "AzureStorageKeyDetector"
    },
    {
      "base64_limit": 4.5,
      "name": "Base64HighEntropyString"
    },
    {
      "name": "BasicAuthDetector"
    },
    {
      "name": "BoxDetector"
    },
    {
      "name": "CloudantDetector"
    },
    {
      "ghe_instance": "github.ibm.com",
      "name": "GheDetector"
    },
    {
      "name": "GitHubTokenDetector"
    },
    {
      "hex_limit": 3,
      "name": "HexHighEntropyString"
    },
    {
      "name": "IbmCloudIamDetector"
    },
    {
      "name": "IbmCosHmacDetector"
    },
    {
      "name": "JwtTokenDetector"
    },
    {
      "keyword_exclude": null,
      "name": "KeywordDetector"
    },
    {
      "name": "MailchimpDetector"
    },
    {
      "name": "NpmDetector"
    },
    {
      "name": "PrivateKeyDetector"
    },
    {
      "name": "SlackDetector"
    },
    {
      "name": "SoftlayerDetector"
    },
    {
      "name": "SquareOAuthDetector"
    },
    {
      "name": "StripeDetector"
    },
    {
      "name": "TwilioKeyDetector"
    }
  ],
  "results": {
    "src/build/buildpnor/genfakeheader.pl": [
      {
        "hashed_secret": "2729ee07176e353dfa8c6911e23f845f8c70821e",
        "is_secret": false,
        "is_verified": false,
        "line_number": 58,
        "type": "Hex High Entropy String",
        "verified_result": null
      },
      {
        "hashed_secret": "f8b1c2005dead488ec9d85e5f0f38b9c1c198080",
        "is_secret": false,
        "is_verified": false,
        "line_number": 59,
        "type": "Hex High Entropy String",
        "verified_result": null
      }
    ],
    "src/build/citest/etc/cppcheck": [
      {
        "hashed_secret": "6951da91f296420b08fd5b39be3a1a857fa0e6e5",
        "is_secret": false,
        "is_verified": false,
        "line_number": 28,
        "type": "Hex High Entropy String",
        "verified_result": null
      }
    ],
    "src/build/citest/etc/ffs": [
      {
        "hashed_secret": "c154b42661c04bc9716805b888c20ff3c978e786",
        "is_secret": false,
        "is_verified": false,
        "line_number": 28,
        "type": "Hex High Entropy String",
        "verified_result": null
      }
    ],
    "src/build/debug/eSEL.pl": [
      {
        "hashed_secret": "d033e22ae348aeb5660fc2140aec35850c4da997",
        "is_secret": false,
        "is_verified": false,
        "line_number": 46,
        "type": "Secret Keyword",
        "verified_result": null
      },
      {
        "hashed_secret": "ef7e6794ca9c6a06b54b66f279237fb8daaaeea8",
        "is_secret": false,
        "is_verified": false,
        "line_number": 223,
        "type": "Secret Keyword",
        "verified_result": null
      },
      {
        "hashed_secret": "f9d843ee1277c1a276eb925a920af2025e5cc09a",
        "is_secret": false,
        "is_verified": false,
        "line_number": 223,
        "type": "Secret Keyword",
        "verified_result": null
      }
    ],
    "src/build/debug/simics-debug-framework.pl": [
      {
        "hashed_secret": "c01d09e6e62b0a24b61b81337f7ec54ae56255b1",
        "is_secret": false,
        "is_verified": false,
        "line_number": 49,
        "type": "Hex High Entropy String",
        "verified_result": null
      }
    ],
    "src/build/debug/simics-debug-framework.py": [
      {
        "hashed_secret": "c01d09e6e62b0a24b61b81337f7ec54ae56255b1",
        "is_secret": false,
        "is_verified": false,
        "line_number": 67,
        "type": "Hex High Entropy String",
        "verified_result": null
      }
    ],
    "src/build/tools/auto_scp": [
      {
        "hashed_secret": "8723dcd5561bae424915e00767ecbd6081572c4b",
        "is_secret": false,
        "is_verified": false,
        "line_number": 36,
        "type": "Secret Keyword",
        "verified_result": null
      },
      {
        "hashed_secret": "3a17944b5666484f037ce1a2a9899e3401809353",
        "is_secret": false,
        "is_verified": false,
        "line_number": 48,
        "type": "Secret Keyword",
        "verified_result": null
      }
    ],
    "src/build/tools/offline_pel_parsing.sh": [
      {
        "hashed_secret": "93249d4c2f8903ebf41ac358473148ae6ddd7042",
        "is_secret": false,
        "is_verified": false,
        "line_number": 89,
        "type": "Base64 High Entropy String",
        "verified_result": null
      }
    ],
    "src/import/chips/ocmb/common/procedures/hwp/pmic/lib/utils/pmic_consts.H": [
      {
        "hashed_secret": "fcc62a10e33f27617231b694818612dd81674c1d",
        "is_secret": false,
        "is_verified": false,
        "line_number": 778,
        "type": "Secret Keyword",
        "verified_result": null
      }
    ],
    "src/import/chips/ocmb/common/procedures/hwp/pmic_ddr5/lib/utils/pmic_common_types_ddr5.H": [
      {
        "hashed_secret": "c5452b3a35340ce6998a53cf96ef1ca22758c70e",
        "is_secret": false,
        "is_verified": false,
        "line_number": 90,
        "type": "Secret Keyword",
        "verified_result": null
      }
    ],
    "src/import/chips/ocmb/explorer/procedures/hwp/memory/lib/inband/exp_flash_utils.C": [
      {
        "hashed_secret": "f7a149675800970287db54db195020875a7ecf58",
        "is_secret": false,
        "is_verified": false,
        "line_number": 380,
        "type": "Secret Keyword",
        "verified_result": null
      }
    ],
    "src/import/chips/p10/common/include/p10_scom_pau_8.H": [
      {
        "hashed_secret": "58633c06d994e3f592abd6d594e0f5bbb7972d83",
        "is_secret": false,
        "is_verified": false,
        "line_number": 127,
        "type": "Secret Keyword",
        "verified_result": null
      },
      {
        "hashed_secret": "5ee926d330b2fb5252e40816a0fad8ea88101a78",
        "is_secret": false,
        "is_verified": false,
        "line_number": 129,
        "type": "Secret Keyword",
        "verified_result": null
      },
      {
        "hashed_secret": "4bfa256f120265073bdc494c6ee37b221a91ea4c",
        "is_secret": false,
        "is_verified": false,
        "line_number": 131,
        "type": "Secret Keyword",
        "verified_result": null
      }
    ],
    "src/subtree/openbmc/pldm/libpldm/include/libpldm/bios.h": [
      {
        "hashed_secret": "f0c4f28a69ba1d054c0059b18753d195e0eea1e3",
        "is_secret": false,
        "is_verified": false,
        "line_number": 75,
        "type": "Secret Keyword",
        "verified_result": null
      }
    ],
    "src/subtree/openbmc/pldm/oem/ibm/configurations/fileTable.json": [
      {
        "hashed_secret": "c5466ef14c63f778e12ce011da1b27761f48c012",
        "is_secret": false,
        "is_verified": false,
        "line_number": 7,
        "type": "Base64 High Entropy String",
        "verified_result": null
      }
    ],
    "src/subtree/openbmc/pldm/tools/fw-update/metadata-example.json": [
      {
        "hashed_secret": "e3b0ba22a16e71ad12dfcd790d2b4eb36c4a1768",
        "is_secret": false,
        "is_verified": false,
        "line_number": 3,
        "type": "Hex High Entropy String",
        "verified_result": null
      },
      {
        "hashed_secret": "8b80cf295c271c85bec5d0200b00fbd8396fbbb0",
        "is_secret": false,
        "is_verified": false,
        "line_number": 16,
        "type": "Hex High Entropy String",
        "verified_result": null
      },
      {
        "hashed_secret": "c50e03f885dcc3fcc2100e69f22fe40d871a6262",
        "is_secret": false,
        "is_verified": false,
        "line_number": 36,
        "type": "Hex High Entropy String",
        "verified_result": null
      },
      {
        "hashed_secret": "660c1ed72dac60bcc44db5732a2abf247a071f69",
        "is_secret": false,
        "is_verified": false,
        "line_number": 47,
        "type": "Hex High Entropy String",
        "verified_result": null
      }
    ],
    "src/usr/diag/prdf/peltool/test/test_udparser_be500.py": [
      {
        "hashed_secret": "353c667d6d0644b0a029cd9cf4e6226f653140f1",
        "is_secret": false,
        "is_verified": false,
        "line_number": 68,
        "type": "Hex High Entropy String",
        "verified_result": null
      },
      {
        "hashed_secret": "f478e996b1621f489dcd6e0434363caa87834fd5",
        "is_secret": false,
        "is_verified": false,
        "line_number": 69,
        "type": "Hex High Entropy String",
        "verified_result": null
      },
      {
        "hashed_secret": "a8e23b9114dadf0e481181835045db7ec4db220d",
        "is_secret": false,
        "is_verified": false,
        "line_number": 386,
        "type": "Twilio API Key",
        "verified_result": null
      },
      {
        "hashed_secret": "e68bac34da1dc880bca3978cb09788b21c4432c5",
        "is_secret": false,
        "is_verified": false,
        "line_number": 391,
        "type": "Hex High Entropy String",
        "verified_result": null
      },
      {
        "hashed_secret": "de17c2cb05a5e0f2a6a5206aea9feadcfe343595",
        "is_secret": false,
        "is_verified": false,
        "line_number": 446,
        "type": "Twilio API Key",
        "verified_result": null
      },
      {
        "hashed_secret": "0e2cc80557be1a890bba96f0867b77acae060d3d",
        "is_secret": false,
        "is_verified": false,
        "line_number": 505,
        "type": "Hex High Entropy String",
        "verified_result": null
      },
      {
        "hashed_secret": "ffa68faf9a5255194656a46344124c7d2fb96d15",
        "is_secret": false,
        "is_verified": false,
        "line_number": 550,
        "type": "Hex High Entropy String",
        "verified_result": null
      },
      {
        "hashed_secret": "dcada936aefbb161943ca7d086d148d935f9f202",
        "is_secret": false,
        "is_verified": false,
        "line_number": 551,
        "type": "Hex High Entropy String",
        "verified_result": null
      },
      {
        "hashed_secret": "5f39ca4b012cdcab90b315835f130da189eb25cb",
        "is_secret": false,
        "is_verified": false,
        "line_number": 635,
        "type": "Hex High Entropy String",
        "verified_result": null
      },
      {
        "hashed_secret": "c37439959a0ead73ee58c2da61149edf94e3d40f",
        "is_secret": false,
        "is_verified": false,
        "line_number": 638,
        "type": "Hex High Entropy String",
        "verified_result": null
      },
      {
        "hashed_secret": "d7d7cadd1afe3c6729cc116ecac5a7dd51896051",
        "is_secret": false,
        "is_verified": false,
        "line_number": 639,
        "type": "Hex High Entropy String",
        "verified_result": null
      },
      {
        "hashed_secret": "10edba852dea3a2158e29d49fcfde275bfb509a1",
        "is_secret": false,
        "is_verified": false,
        "line_number": 640,
        "type": "Hex High Entropy String",
        "verified_result": null
      },
      {
        "hashed_secret": "b4e5edfa2537d76249d85d7241f162f20fc54023",
        "is_secret": false,
        "is_verified": false,
        "line_number": 641,
        "type": "Hex High Entropy String",
        "verified_result": null
      },
      {
        "hashed_secret": "38ac0cf9e3ddad3b5167cdde8a39ab4812ba7905",
        "is_secret": false,
        "is_verified": false,
        "line_number": 642,
        "type": "Hex High Entropy String",
        "verified_result": null
      },
      {
        "hashed_secret": "b12d042ab8e45038bfd41af19b6cb3134a0d62b8",
        "is_secret": false,
        "is_verified": false,
        "line_number": 643,
        "type": "Hex High Entropy String",
        "verified_result": null
      },
      {
        "hashed_secret": "fd876d65021b84fe80b81ad45d09614b3b789c39",
        "is_secret": false,
        "is_verified": false,
        "line_number": 644,
        "type": "Hex High Entropy String",
        "verified_result": null
      },
      {
        "hashed_secret": "7164d8fe1702d9f5d83b748a0508a35cf2cbb0a8",
        "is_secret": false,
        "is_verified": false,
        "line_number": 645,
        "type": "Hex High Entropy String",
        "verified_result": null
      },
      {
        "hashed_secret": "b7d51571c3c7b7f7b18549c5077c7b5f7174b1d0",
        "is_secret": false,
        "is_verified": false,
        "line_number": 646,
        "type": "Hex High Entropy String",
        "verified_result": null
      },
      {
        "hashed_secret": "7b3583c4c1446305cb341afc79e544d1e97d4bbe",
        "is_secret": false,
        "is_verified": false,
        "line_number": 647,
        "type": "Hex High Entropy String",
        "verified_result": null
      },
      {
        "hashed_secret": "e8753a2bdc77d39393ed9576f66bf7204bd39679",
        "is_secret": false,
        "is_verified": false,
        "line_number": 648,
        "type": "Hex High Entropy String",
        "verified_result": null
      },
      {
        "hashed_secret": "77e6cd02bf5a7fcd1231528fab1df54441800642",
        "is_secret": false,
        "is_verified": false,
        "line_number": 649,
        "type": "Hex High Entropy String",
        "verified_result": null
      },
      {
        "hashed_secret": "f60858799d12f166b7bd5a5ff30747437613d5f1",
        "is_secret": false,
        "is_verified": false,
        "line_number": 650,
        "type": "Hex High Entropy String",
        "verified_result": null
      },
      {
        "hashed_secret": "644be5e10fd642af7edd35d8a29d921317de307e",
        "is_secret": false,
        "is_verified": false,
        "line_number": 651,
        "type": "Hex High Entropy String",
        "verified_result": null
      },
      {
        "hashed_secret": "a27d770e14fc577a628c7abbad0ac65de4414e98",
        "is_secret": false,
        "is_verified": false,
        "line_number": 652,
        "type": "Hex High Entropy String",
        "verified_result": null
      },
      {
        "hashed_secret": "6bf68204ce7aba81050c9b8811c82400048f2588",
        "is_secret": false,
        "is_verified": false,
        "line_number": 653,
        "type": "Hex High Entropy String",
        "verified_result": null
      },
      {
        "hashed_secret": "bdc03530816b7cdfe888dbd8dd2216dbab0b4f7b",
        "is_secret": false,
        "is_verified": false,
        "line_number": 654,
        "type": "Hex High Entropy String",
        "verified_result": null
      },
      {
        "hashed_secret": "7538ed7046ae6ea2d8a0d5ef53aea0ba0276006c",
        "is_secret": false,
        "is_verified": false,
        "line_number": 655,
        "type": "Hex High Entropy String",
        "verified_result": null
      },
      {
        "hashed_secret": "354e03ecd9112ee67b5b60f0574a5c3717398c44",
        "is_secret": false,
        "is_verified": false,
        "line_number": 656,
        "type": "Hex High Entropy String",
        "verified_result": null
      },
      {
        "hashed_secret": "465aafd3786a0cb49ccdbfcd7ff87da6fb719d0e",
        "is_secret": false,
        "is_verified": false,
        "line_number": 657,
        "type": "Hex High Entropy String",
        "verified_result": null
      },
      {
        "hashed_secret": "7f74ddc1dca3e4e17d593ebbc5e2821a7cefa8bc",
        "is_secret": false,
        "is_verified": false,
        "line_number": 658,
        "type": "Hex High Entropy String",
        "verified_result": null
      },
      {
        "hashed_secret": "50e30e8b33885cabdd2032c80164af0e3805e76a",
        "is_secret": false,
        "is_verified": false,
        "line_number": 659,
        "type": "Hex High Entropy String",
        "verified_result": null
      },
      {
        "hashed_secret": "65f77edf244ab7dd2fb34c632d05dd56d97f8fab",
        "is_secret": false,
        "is_verified": false,
        "line_number": 660,
        "type": "Hex High Entropy String",
        "verified_result": null
      },
      {
        "hashed_secret": "5c4efea2459a5d7fdf20dbd85ac679919a45e769",
        "is_secret": false,
        "is_verified": false,
        "line_number": 661,
        "type": "Hex High Entropy String",
        "verified_result": null
      },
      {
        "hashed_secret": "ed3ce1a275d496f46274782684a779b548a4f038",
        "is_secret": false,
        "is_verified": false,
        "line_number": 662,
        "type": "Hex High Entropy String",
        "verified_result": null
      },
      {
        "hashed_secret": "4f4f9ca41f0fcb979aada721f1a82754ffd6e78c",
        "is_secret": false,
        "is_verified": false,
        "line_number": 663,
        "type": "Hex High Entropy String",
        "verified_result": null
      },
      {
        "hashed_secret": "8765b2ce8cc650b7a5701d8467aad94d5ca0dc37",
        "is_secret": false,
        "is_verified": false,
        "line_number": 743,
        "type": "Hex High Entropy String",
        "verified_result": null
      },
      {
        "hashed_secret": "5541aec4fdc932ff887482663e77ff094d84b896",
        "is_secret": false,
        "is_verified": false,
        "line_number": 744,
        "type": "Hex High Entropy String",
        "verified_result": null
      },
      {
        "hashed_secret": "bcdd8be8a850092baf1ccae6c5068174e3a93bc5",
        "is_secret": false,
        "is_verified": false,
        "line_number": 745,
        "type": "Hex High Entropy String",
        "verified_result": null
      },
      {
        "hashed_secret": "576623a799f2c08ddc4b373e946fe2410fd418f6",
        "is_secret": false,
        "is_verified": false,
        "line_number": 747,
        "type": "Hex High Entropy String",
        "verified_result": null
      },
      {
        "hashed_secret": "3427aa6c16816d5b8e28309e46c0122484cf20a1",
        "is_secret": false,
        "is_verified": false,
        "line_number": 748,
        "type": "Hex High Entropy String",
        "verified_result": null
      },
      {
        "hashed_secret": "ea467e21bb4d865bfc66866cb2df49628e7a2473",
        "is_secret": false,
        "is_verified": false,
        "line_number": 749,
        "type": "Hex High Entropy String",
        "verified_result": null
      },
      {
        "hashed_secret": "f4e33e2a7837e24942deeba8eceee3a545a4a815",
        "is_secret": false,
        "is_verified": false,
        "line_number": 750,
        "type": "Hex High Entropy String",
        "verified_result": null
      },
      {
        "hashed_secret": "b28a4d1c3e3199c14eb31f206ad478df076fa46e",
        "is_secret": false,
        "is_verified": false,
        "line_number": 751,
        "type": "Hex High Entropy String",
        "verified_result": null
      },
      {
        "hashed_secret": "a182688a89689855234dec95b67a3b0b5f61b045",
        "is_secret": false,
        "is_verified": false,
        "line_number": 752,
        "type": "Hex High Entropy String",
        "verified_result": null
      },
      {
        "hashed_secret": "781bb10a3075d895f9bbc275c90c558c39a47ec0",
        "is_secret": false,
        "is_verified": false,
        "line_number": 753,
        "type": "Hex High Entropy String",
        "verified_result": null
      },
      {
        "hashed_secret": "cb0b1b978d5efc7dfd42072d329a845d041d429c",
        "is_secret": false,
        "is_verified": false,
        "line_number": 754,
        "type": "Hex High Entropy String",
        "verified_result": null
      },
      {
        "hashed_secret": "be781bc0d1c219e52deca0b6858305abf7d2dc41",
        "is_secret": false,
        "is_verified": false,
        "line_number": 755,
        "type": "Hex High Entropy String",
        "verified_result": null
      },
      {
        "hashed_secret": "0ce902ea191ee0582dc89095c3149bb01952b1ba",
        "is_secret": false,
        "is_verified": false,
        "line_number": 756,
        "type": "Hex High Entropy String",
        "verified_result": null
      },
      {
        "hashed_secret": "d207c128a590d13e21c301f61f841f07820c5532",
        "is_secret": false,
        "is_verified": false,
        "line_number": 854,
        "type": "Hex High Entropy String",
        "verified_result": null
      }
    ],
    "src/usr/errl/errludlogregister.C": [
      {
        "hashed_secret": "e06f4b53429110fccfc7d403ee161cacb10c0dea",
        "is_secret": false,
        "is_verified": false,
        "line_number": 306,
        "type": "Base64 High Entropy String",
        "verified_result": null
      },
      {
        "hashed_secret": "7b40e190764bc153665af195bb3e06197af48c21",
        "is_secret": false,
        "is_verified": false,
        "line_number": 339,
        "type": "Base64 High Entropy String",
        "verified_result": null
      }
    ],
    "src/usr/secureboot/base/test/securerommgrtest.H": [
      {
        "hashed_secret": "b348fba77f3ba7bf2d35b69603a0f685b4ab5079",
        "is_secret": false,
        "is_verified": false,
        "line_number": 528,
        "type": "Hex High Entropy String",
        "verified_result": null
      }
    ],
    "src/usr/secureboot/trusted/trustedbootCmds.C": [
      {
        "hashed_secret": "beb3c6a2a0b16aa040da5a75ebdcc35e45b36484",
        "is_secret": false,
        "is_verified": false,
        "line_number": 1329,
        "type": "Secret Keyword",
        "verified_result": null
      }
    ],
    "src/usr/testcore/lib/cstring_test.H": [
      {
        "hashed_secret": "67d579e881984cead11876467fd66164bfa6c332",
        "is_secret": false,
        "is_verified": false,
        "line_number": 163,
        "type": "Hex High Entropy String",
        "verified_result": null
      },
      {
        "hashed_secret": "ab4025212d14d8e0e4f0079af2c6fb63dc253ac0",
        "is_secret": false,
        "is_verified": false,
        "line_number": 416,
        "type": "Hex High Entropy String",
        "verified_result": null
      },
      {
        "hashed_secret": "15cc47e459fdc151737fcac52d1f5161a10cda78",
        "is_secret": false,
        "is_verified": false,
        "line_number": 419,
        "type": "Hex High Entropy String",
        "verified_result": null
      },
      {
        "hashed_secret": "987e7c1b2676b0e19d4890e4794502407cbb93ab",
        "is_secret": false,
        "is_verified": false,
        "line_number": 429,
        "type": "Hex High Entropy String",
        "verified_result": null
      },
      {
        "hashed_secret": "e6e03d074e5f3295108ff55f04915cbf47767e86",
        "is_secret": false,
        "is_verified": false,
        "line_number": 431,
        "type": "Hex High Entropy String",
        "verified_result": null
      },
      {
        "hashed_secret": "960a45686a3ee241386ac873f3236cb4d69ca28b",
        "is_secret": false,
        "is_verified": false,
        "line_number": 434,
        "type": "Hex High Entropy String",
        "verified_result": null
      },
      {
        "hashed_secret": "a64a2225d61cca33a5618aa409d0ef0bd7434c7f",
        "is_secret": false,
        "is_verified": false,
        "line_number": 484,
        "type": "Hex High Entropy String",
        "verified_result": null
      },
      {
        "hashed_secret": "f73657c290503f6353a2b5f3da2e7cab84397a84",
        "is_secret": false,
        "is_verified": false,
        "line_number": 493,
        "type": "Hex High Entropy String",
        "verified_result": null
      },
      {
        "hashed_secret": "9a478446bc5d7d111f461433442b265f9ef73103",
        "is_secret": false,
        "is_verified": false,
        "line_number": 495,
        "type": "Hex High Entropy String",
        "verified_result": null
      }
    ],
    "src/usr/testcore/lib/string.H": [
      {
        "hashed_secret": "e530634a3281b367aef4765eb0de49a65e6d0ba3",
        "is_secret": false,
        "is_verified": false,
        "line_number": 152,
        "type": "Hex High Entropy String",
        "verified_result": null
      }
    ],
    "src/usr/testcore/tlsmod/nontrivialctor.H": [
      {
        "hashed_secret": "d855a8ea4da076667b76d028bcfed1ebd5131894",
        "is_secret": false,
        "is_verified": false,
        "line_number": 41,
        "type": "Hex High Entropy String",
        "verified_result": null
      }
    ]
  },
  "version": "0.13.1+ibm.64.dss",
  "word_list": {
    "file": null,
    "hash": null
  }
}
